com\juridix\model\Movimiento.class
com\juridix\service\MovimientoService.class
com\juridix\controller\MainController$12.class
com\juridix\controller\MainController$6.class
com\juridix\db\AgregarCampoActor.class
com\juridix\model\TipoDocumentoCliente.class
com\juridix\db\DocumentoExpedienteDAO.class
com\juridix\ui\views\LoginView.class
com\juridix\controller\MainController.class
com\juridix\model\TipoHonorario.class
com\juridix\model\Honorario.class
com\juridix\model\Expediente.class
com\juridix\service\CuotaService.class
com\juridix\db\DatabaseInitializer.class
com\juridix\service\ClienteService.class
com\juridix\service\DocumentoClienteService.class
com\juridix\seguridad\AuthService.class
com\juridix\seguridad\SesionUsuario.class
com\juridix\model\EstadoEvento.class
com\juridix\model\EventoAgenda.class
com\juridix\model\EstadoExpediente.class
com\juridix\controller\MainController$3.class
com\juridix\db\ClienteDAO.class
com\juridix\service\UsuarioService.class
com\juridix\controller\MainController$11.class
com\juridix\model\PagoCuota.class
com\juridix\service\DocumentoExpedienteService.class
com\juridix\service\PagoService.class
com\juridix\db\PagoDAO.class
com\juridix\controller\MainController$4.class
com\juridix\db\PagoCuotaDAO.class
com\juridix\model\Gasto.class
com\juridix\controller\MainController$7.class
com\juridix\db\GastoDAO.class
com\juridix\service\ClienteService$EstadisticasClientes.class
com\juridix\controller\LoginController.class
com\juridix\db\DocumentoClienteDAO.class
com\juridix\db\UsuarioDAO.class
com\juridix\model\DocumentoCliente.class
com\juridix\service\HonorarioService.class
com\juridix\model\Cliente.class
com\juridix\model\TipoEvento.class
com\juridix\controller\MainController$10.class
com\juridix\controller\MainController$1.class
com\juridix\db\MovimientoDAO.class
com\juridix\model\RolUsuario.class
com\juridix\db\ActualizarBaseDatos.class
com\juridix\model\Pago.class
com\juridix\controller\MainController$8.class
com\juridix\service\EventoAgendaService$EstadisticasAgenda.class
com\juridix\db\CuotaDAO.class
com\juridix\db\FixDatabase.class
com\juridix\service\ExpedienteService$EstadisticasExpedientes.class
com\juridix\service\GastoService.class
com\juridix\db\HonorarioDAO.class
com\juridix\model\DocumentoExpediente.class
com\juridix\db\CrearTablaCuotas.class
com\juridix\db\ExpedienteDAO.class
com\juridix\model\Cuota.class
com\juridix\db\EventoAgendaDAO.class
com\juridix\controller\MainController$5.class
com\juridix\model\Usuario.class
com\juridix\seguridad\PasswordUtil.class
com\juridix\service\ExpedienteService.class
com\juridix\model\TipoMovimiento.class
com\juridix\MainApp.class
com\juridix\controller\MainController$9.class
com\juridix\controller\MainController$MovimientoCuenta.class
com\juridix\service\EventoAgendaService.class
com\juridix\db\UserBootstrap.class
com\juridix\controller\MainController$2.class
com\juridix\controller\MainController$RecordatorioOpcion.class
com\juridix\db\Database.class
com\juridix\ui\views\MainView.class
com\juridix\model\EstadoHonorario.class
