C:\Users\joaqu\OneDrive\Escritorio\juridix-app\src\main\java\com\juridix\db\CuotaDAO.java
C:\Users\joaqu\OneDrive\Escritorio\juridix-app\src\main\java\com\juridix\db\FixDatabase.java
C:\Users\joaqu\OneDrive\Escritorio\juridix-app\src\main\java\com\juridix\controller\LoginController.java
C:\Users\joaqu\OneDrive\Escritorio\juridix-app\src\main\java\com\juridix\model\RolUsuario.java
C:\Users\joaqu\OneDrive\Escritorio\juridix-app\src\main\java\com\juridix\service\UsuarioService.java
C:\Users\joaqu\OneDrive\Escritorio\juridix-app\src\main\java\com\juridix\db\HonorarioDAO.java
C:\Users\joaqu\OneDrive\Escritorio\juridix-app\src\main\java\com\juridix\db\DocumentoClienteDAO.java
C:\Users\joaqu\OneDrive\Escritorio\juridix-app\src\main\java\com\juridix\service\DocumentoExpedienteService.java
C:\Users\joaqu\OneDrive\Escritorio\juridix-app\src\main\java\com\juridix\db\ExpedienteDAO.java
C:\Users\joaqu\OneDrive\Escritorio\juridix-app\src\main\java\com\juridix\seguridad\PasswordUtil.java
C:\Users\joaqu\OneDrive\Escritorio\juridix-app\src\main\java\com\juridix\model\DocumentoCliente.java
C:\Users\joaqu\OneDrive\Escritorio\juridix-app\src\main\java\com\juridix\model\Movimiento.java
C:\Users\joaqu\OneDrive\Escritorio\juridix-app\src\main\java\com\juridix\model\EstadoExpediente.java
C:\Users\joaqu\OneDrive\Escritorio\juridix-app\src\main\java\com\juridix\model\DocumentoExpediente.java
C:\Users\joaqu\OneDrive\Escritorio\juridix-app\src\main\java\com\juridix\db\MovimientoDAO.java
C:\Users\joaqu\OneDrive\Escritorio\juridix-app\src\main\java\com\juridix\service\MovimientoService.java
C:\Users\joaqu\OneDrive\Escritorio\juridix-app\src\main\java\com\juridix\db\CrearTablaCuotas.java
C:\Users\joaqu\OneDrive\Escritorio\juridix-app\src\main\java\com\juridix\db\PagoDAO.java
C:\Users\joaqu\OneDrive\Escritorio\juridix-app\src\main\java\com\juridix\model\Usuario.java
C:\Users\joaqu\OneDrive\Escritorio\juridix-app\src\main\java\com\juridix\ui\views\MainView.java
C:\Users\joaqu\OneDrive\Escritorio\juridix-app\src\main\java\com\juridix\model\Expediente.java
C:\Users\joaqu\OneDrive\Escritorio\juridix-app\src\main\java\com\juridix\controller\MainController.java
C:\Users\joaqu\OneDrive\Escritorio\juridix-app\src\main\java\com\juridix\model\Cuota.java
C:\Users\joaqu\OneDrive\Escritorio\juridix-app\src\main\java\com\juridix\ui\views\LoginView.java
C:\Users\joaqu\OneDrive\Escritorio\juridix-app\src\main\java\com\juridix\db\PagoCuotaDAO.java
C:\Users\joaqu\OneDrive\Escritorio\juridix-app\src\main\java\com\juridix\model\TipoMovimiento.java
C:\Users\joaqu\OneDrive\Escritorio\juridix-app\src\main\java\com\juridix\service\EventoAgendaService.java
C:\Users\joaqu\OneDrive\Escritorio\juridix-app\src\main\java\com\juridix\MainApp.java
C:\Users\joaqu\OneDrive\Escritorio\juridix-app\src\main\java\com\juridix\model\Gasto.java
C:\Users\joaqu\OneDrive\Escritorio\juridix-app\src\main\java\com\juridix\db\GastoDAO.java
C:\Users\joaqu\OneDrive\Escritorio\juridix-app\src\main\java\com\juridix\service\ExpedienteService.java
C:\Users\joaqu\OneDrive\Escritorio\juridix-app\src\main\java\com\juridix\db\DatabaseInitializer.java
C:\Users\joaqu\OneDrive\Escritorio\juridix-app\src\main\java\com\juridix\model\TipoDocumentoCliente.java
C:\Users\joaqu\OneDrive\Escritorio\juridix-app\src\main\java\com\juridix\db\UserBootstrap.java
C:\Users\joaqu\OneDrive\Escritorio\juridix-app\src\main\java\com\juridix\db\UsuarioDAO.java
C:\Users\joaqu\OneDrive\Escritorio\juridix-app\src\main\java\com\juridix\seguridad\SesionUsuario.java
C:\Users\joaqu\OneDrive\Escritorio\juridix-app\src\main\java\com\juridix\seguridad\AuthService.java
C:\Users\joaqu\OneDrive\Escritorio\juridix-app\src\main\java\com\juridix\model\Cliente.java
C:\Users\joaqu\OneDrive\Escritorio\juridix-app\src\main\java\com\juridix\model\EventoAgenda.java
C:\Users\joaqu\OneDrive\Escritorio\juridix-app\src\main\java\com\juridix\service\CuotaService.java
C:\Users\joaqu\OneDrive\Escritorio\juridix-app\src\main\java\com\juridix\model\TipoEvento.java
C:\Users\joaqu\OneDrive\Escritorio\juridix-app\src\main\java\com\juridix\model\EstadoEvento.java
C:\Users\joaqu\OneDrive\Escritorio\juridix-app\src\main\java\com\juridix\service\ClienteService.java
C:\Users\joaqu\OneDrive\Escritorio\juridix-app\src\main\java\com\juridix\model\Honorario.java
C:\Users\joaqu\OneDrive\Escritorio\juridix-app\src\main\java\com\juridix\service\PagoService.java
C:\Users\joaqu\OneDrive\Escritorio\juridix-app\src\main\java\com\juridix\db\Database.java
C:\Users\joaqu\OneDrive\Escritorio\juridix-app\src\main\java\com\juridix\db\DocumentoExpedienteDAO.java
C:\Users\joaqu\OneDrive\Escritorio\juridix-app\src\main\java\com\juridix\db\ClienteDAO.java
C:\Users\joaqu\OneDrive\Escritorio\juridix-app\src\main\java\com\juridix\db\EventoAgendaDAO.java
C:\Users\joaqu\OneDrive\Escritorio\juridix-app\src\main\java\com\juridix\service\GastoService.java
C:\Users\joaqu\OneDrive\Escritorio\juridix-app\src\main\java\com\juridix\service\HonorarioService.java
C:\Users\joaqu\OneDrive\Escritorio\juridix-app\src\main\java\com\juridix\model\PagoCuota.java
C:\Users\joaqu\OneDrive\Escritorio\juridix-app\src\main\java\com\juridix\db\ActualizarBaseDatos.java
C:\Users\joaqu\OneDrive\Escritorio\juridix-app\src\main\java\com\juridix\model\EstadoHonorario.java
C:\Users\joaqu\OneDrive\Escritorio\juridix-app\src\main\java\com\juridix\model\Pago.java
C:\Users\joaqu\OneDrive\Escritorio\juridix-app\src\main\java\com\juridix\db\AgregarCampoActor.java
C:\Users\joaqu\OneDrive\Escritorio\juridix-app\src\main\java\com\juridix\service\DocumentoClienteService.java
C:\Users\joaqu\OneDrive\Escritorio\juridix-app\src\main\java\com\juridix\model\TipoHonorario.java
